// Jest Snapshot v1, https://goo.gl/fbAQLP

exports[`#ServiceInfo render correctly with data should render serviceInfo 1`] = `
ShallowWrapper {
  "length": 1,
  Symbol(enzyme.__root__): [Circular],
  Symbol(enzyme.__unrendered__): <ServiceInfo
    namespace="istio-system"
    service="reviews"
/>,
  Symbol(enzyme.__renderer__): Object {
    "batchedUpdates": [Function],
    "getNode": [Function],
    "render": [Function],
    "simulateEvent": [Function],
    "unmount": [Function],
  },
  Symbol(enzyme.__node__): Object {
    "instance": null,
    "key": undefined,
    "nodeType": "host",
    "props": Object {
      "children": Array [
        null,
        <div
          className="container-fluid container-cards-pf"
>
          <Row
                    bsClass="row"
                    className="row-cards-pf"
                    componentClass="div"
          >
                    <Col
                              bsClass="col"
                              componentClass="div"
                    >
                              <ServiceInfoDescription
                                        endpoints={undefined}
                                        ip=""
                                        labels={Map {}}
                                        name=""
                                        ports={Array []}
                                        type=""
                              />
                    </Col>
                    <Col
                              bsClass="col"
                              componentClass="div"
                              lg={4}
                              md={4}
                              sm={6}
                              xs={12}
                    >
                              <ServiceInfoPods
                                        pods={Array []}
                              />
                    </Col>
                    <Col
                              bsClass="col"
                              componentClass="div"
                              lg={4}
                              md={4}
                              sm={6}
                              xs={12}
                    >
                              <ServiceInfoRoutes
                                        dependencies={Map {}}
                              />
                    </Col>
                    <Col
                              bsClass="col"
                              componentClass="div"
                              lg={4}
                              md={4}
                              sm={6}
                              xs={12}
                    >
                              <ServiceInfoRules
                                        rules={Array []}
                              />
                    </Col>
          </Row>
</div>,
      ],
    },
    "ref": null,
    "rendered": Array [
      null,
      Object {
        "instance": null,
        "key": undefined,
        "nodeType": "host",
        "props": Object {
          "children": <Row
            bsClass="row"
            className="row-cards-pf"
            componentClass="div"
>
            <Col
                        bsClass="col"
                        componentClass="div"
            >
                        <ServiceInfoDescription
                                    endpoints={undefined}
                                    ip=""
                                    labels={Map {}}
                                    name=""
                                    ports={Array []}
                                    type=""
                        />
            </Col>
            <Col
                        bsClass="col"
                        componentClass="div"
                        lg={4}
                        md={4}
                        sm={6}
                        xs={12}
            >
                        <ServiceInfoPods
                                    pods={Array []}
                        />
            </Col>
            <Col
                        bsClass="col"
                        componentClass="div"
                        lg={4}
                        md={4}
                        sm={6}
                        xs={12}
            >
                        <ServiceInfoRoutes
                                    dependencies={Map {}}
                        />
            </Col>
            <Col
                        bsClass="col"
                        componentClass="div"
                        lg={4}
                        md={4}
                        sm={6}
                        xs={12}
            >
                        <ServiceInfoRules
                                    rules={Array []}
                        />
            </Col>
</Row>,
          "className": "container-fluid container-cards-pf",
        },
        "ref": null,
        "rendered": Object {
          "instance": null,
          "key": undefined,
          "nodeType": "class",
          "props": Object {
            "bsClass": "row",
            "children": Array [
              <Col
                bsClass="col"
                componentClass="div"
>
                <ServiceInfoDescription
                                endpoints={undefined}
                                ip=""
                                labels={Map {}}
                                name=""
                                ports={Array []}
                                type=""
                />
</Col>,
              <Col
                bsClass="col"
                componentClass="div"
                lg={4}
                md={4}
                sm={6}
                xs={12}
>
                <ServiceInfoPods
                                pods={Array []}
                />
</Col>,
              <Col
                bsClass="col"
                componentClass="div"
                lg={4}
                md={4}
                sm={6}
                xs={12}
>
                <ServiceInfoRoutes
                                dependencies={Map {}}
                />
</Col>,
              <Col
                bsClass="col"
                componentClass="div"
                lg={4}
                md={4}
                sm={6}
                xs={12}
>
                <ServiceInfoRules
                                rules={Array []}
                />
</Col>,
            ],
            "className": "row-cards-pf",
            "componentClass": "div",
          },
          "ref": null,
          "rendered": Array [
            Object {
              "instance": null,
              "key": undefined,
              "nodeType": "class",
              "props": Object {
                "bsClass": "col",
                "children": <ServiceInfoDescription
                  endpoints={undefined}
                  ip=""
                  labels={Map {}}
                  name=""
                  ports={Array []}
                  type=""
/>,
                "componentClass": "div",
              },
              "ref": null,
              "rendered": Object {
                "instance": null,
                "key": undefined,
                "nodeType": "class",
                "props": Object {
                  "endpoints": undefined,
                  "ip": "",
                  "labels": Map {},
                  "name": "",
                  "ports": Array [],
                  "type": "",
                },
                "ref": null,
                "rendered": null,
                "type": [Function],
              },
              "type": [Function],
            },
            Object {
              "instance": null,
              "key": undefined,
              "nodeType": "class",
              "props": Object {
                "bsClass": "col",
                "children": <ServiceInfoPods
                  pods={Array []}
/>,
                "componentClass": "div",
                "lg": 4,
                "md": 4,
                "sm": 6,
                "xs": 12,
              },
              "ref": null,
              "rendered": Object {
                "instance": null,
                "key": undefined,
                "nodeType": "class",
                "props": Object {
                  "pods": Array [],
                },
                "ref": null,
                "rendered": null,
                "type": [Function],
              },
              "type": [Function],
            },
            Object {
              "instance": null,
              "key": undefined,
              "nodeType": "class",
              "props": Object {
                "bsClass": "col",
                "children": <ServiceInfoRoutes
                  dependencies={Map {}}
/>,
                "componentClass": "div",
                "lg": 4,
                "md": 4,
                "sm": 6,
                "xs": 12,
              },
              "ref": null,
              "rendered": Object {
                "instance": null,
                "key": undefined,
                "nodeType": "class",
                "props": Object {
                  "dependencies": Map {},
                },
                "ref": null,
                "rendered": null,
                "type": [Function],
              },
              "type": [Function],
            },
            Object {
              "instance": null,
              "key": undefined,
              "nodeType": "class",
              "props": Object {
                "bsClass": "col",
                "children": <ServiceInfoRules
                  rules={Array []}
/>,
                "componentClass": "div",
                "lg": 4,
                "md": 4,
                "sm": 6,
                "xs": 12,
              },
              "ref": null,
              "rendered": Object {
                "instance": null,
                "key": undefined,
                "nodeType": "class",
                "props": Object {
                  "rules": Array [],
                },
                "ref": null,
                "rendered": null,
                "type": [Function],
              },
              "type": [Function],
            },
          ],
          "type": [Function],
        },
        "type": "div",
      },
    ],
    "type": "div",
  },
  Symbol(enzyme.__nodes__): Array [
    Object {
      "instance": null,
      "key": undefined,
      "nodeType": "host",
      "props": Object {
        "children": Array [
          null,
          <div
            className="container-fluid container-cards-pf"
>
            <Row
                        bsClass="row"
                        className="row-cards-pf"
                        componentClass="div"
            >
                        <Col
                                    bsClass="col"
                                    componentClass="div"
                        >
                                    <ServiceInfoDescription
                                                endpoints={undefined}
                                                ip=""
                                                labels={Map {}}
                                                name=""
                                                ports={Array []}
                                                type=""
                                    />
                        </Col>
                        <Col
                                    bsClass="col"
                                    componentClass="div"
                                    lg={4}
                                    md={4}
                                    sm={6}
                                    xs={12}
                        >
                                    <ServiceInfoPods
                                                pods={Array []}
                                    />
                        </Col>
                        <Col
                                    bsClass="col"
                                    componentClass="div"
                                    lg={4}
                                    md={4}
                                    sm={6}
                                    xs={12}
                        >
                                    <ServiceInfoRoutes
                                                dependencies={Map {}}
                                    />
                        </Col>
                        <Col
                                    bsClass="col"
                                    componentClass="div"
                                    lg={4}
                                    md={4}
                                    sm={6}
                                    xs={12}
                        >
                                    <ServiceInfoRules
                                                rules={Array []}
                                    />
                        </Col>
            </Row>
</div>,
        ],
      },
      "ref": null,
      "rendered": Array [
        null,
        Object {
          "instance": null,
          "key": undefined,
          "nodeType": "host",
          "props": Object {
            "children": <Row
              bsClass="row"
              className="row-cards-pf"
              componentClass="div"
>
              <Col
                            bsClass="col"
                            componentClass="div"
              >
                            <ServiceInfoDescription
                                          endpoints={undefined}
                                          ip=""
                                          labels={Map {}}
                                          name=""
                                          ports={Array []}
                                          type=""
                            />
              </Col>
              <Col
                            bsClass="col"
                            componentClass="div"
                            lg={4}
                            md={4}
                            sm={6}
                            xs={12}
              >
                            <ServiceInfoPods
                                          pods={Array []}
                            />
              </Col>
              <Col
                            bsClass="col"
                            componentClass="div"
                            lg={4}
                            md={4}
                            sm={6}
                            xs={12}
              >
                            <ServiceInfoRoutes
                                          dependencies={Map {}}
                            />
              </Col>
              <Col
                            bsClass="col"
                            componentClass="div"
                            lg={4}
                            md={4}
                            sm={6}
                            xs={12}
              >
                            <ServiceInfoRules
                                          rules={Array []}
                            />
              </Col>
</Row>,
            "className": "container-fluid container-cards-pf",
          },
          "ref": null,
          "rendered": Object {
            "instance": null,
            "key": undefined,
            "nodeType": "class",
            "props": Object {
              "bsClass": "row",
              "children": Array [
                <Col
                  bsClass="col"
                  componentClass="div"
>
                  <ServiceInfoDescription
                                    endpoints={undefined}
                                    ip=""
                                    labels={Map {}}
                                    name=""
                                    ports={Array []}
                                    type=""
                  />
</Col>,
                <Col
                  bsClass="col"
                  componentClass="div"
                  lg={4}
                  md={4}
                  sm={6}
                  xs={12}
>
                  <ServiceInfoPods
                                    pods={Array []}
                  />
</Col>,
                <Col
                  bsClass="col"
                  componentClass="div"
                  lg={4}
                  md={4}
                  sm={6}
                  xs={12}
>
                  <ServiceInfoRoutes
                                    dependencies={Map {}}
                  />
</Col>,
                <Col
                  bsClass="col"
                  componentClass="div"
                  lg={4}
                  md={4}
                  sm={6}
                  xs={12}
>
                  <ServiceInfoRules
                                    rules={Array []}
                  />
</Col>,
              ],
              "className": "row-cards-pf",
              "componentClass": "div",
            },
            "ref": null,
            "rendered": Array [
              Object {
                "instance": null,
                "key": undefined,
                "nodeType": "class",
                "props": Object {
                  "bsClass": "col",
                  "children": <ServiceInfoDescription
                    endpoints={undefined}
                    ip=""
                    labels={Map {}}
                    name=""
                    ports={Array []}
                    type=""
/>,
                  "componentClass": "div",
                },
                "ref": null,
                "rendered": Object {
                  "instance": null,
                  "key": undefined,
                  "nodeType": "class",
                  "props": Object {
                    "endpoints": undefined,
                    "ip": "",
                    "labels": Map {},
                    "name": "",
                    "ports": Array [],
                    "type": "",
                  },
                  "ref": null,
                  "rendered": null,
                  "type": [Function],
                },
                "type": [Function],
              },
              Object {
                "instance": null,
                "key": undefined,
                "nodeType": "class",
                "props": Object {
                  "bsClass": "col",
                  "children": <ServiceInfoPods
                    pods={Array []}
/>,
                  "componentClass": "div",
                  "lg": 4,
                  "md": 4,
                  "sm": 6,
                  "xs": 12,
                },
                "ref": null,
                "rendered": Object {
                  "instance": null,
                  "key": undefined,
                  "nodeType": "class",
                  "props": Object {
                    "pods": Array [],
                  },
                  "ref": null,
                  "rendered": null,
                  "type": [Function],
                },
                "type": [Function],
              },
              Object {
                "instance": null,
                "key": undefined,
                "nodeType": "class",
                "props": Object {
                  "bsClass": "col",
                  "children": <ServiceInfoRoutes
                    dependencies={Map {}}
/>,
                  "componentClass": "div",
                  "lg": 4,
                  "md": 4,
                  "sm": 6,
                  "xs": 12,
                },
                "ref": null,
                "rendered": Object {
                  "instance": null,
                  "key": undefined,
                  "nodeType": "class",
                  "props": Object {
                    "dependencies": Map {},
                  },
                  "ref": null,
                  "rendered": null,
                  "type": [Function],
                },
                "type": [Function],
              },
              Object {
                "instance": null,
                "key": undefined,
                "nodeType": "class",
                "props": Object {
                  "bsClass": "col",
                  "children": <ServiceInfoRules
                    rules={Array []}
/>,
                  "componentClass": "div",
                  "lg": 4,
                  "md": 4,
                  "sm": 6,
                  "xs": 12,
                },
                "ref": null,
                "rendered": Object {
                  "instance": null,
                  "key": undefined,
                  "nodeType": "class",
                  "props": Object {
                    "rules": Array [],
                  },
                  "ref": null,
                  "rendered": null,
                  "type": [Function],
                },
                "type": [Function],
              },
            ],
            "type": [Function],
          },
          "type": "div",
        },
      ],
      "type": "div",
    },
  ],
  Symbol(enzyme.__options__): Object {
    "adapter": ReactSixteenAdapter {
      "options": Object {
        "enableComponentDidUpdateOnSetState": true,
      },
    },
  },
}
`;
