// Jest Snapshot v1, https://goo.gl/fbAQLP

exports[`#ServiceInfoRoutes render correctly with data should render service routes 1`] = `
ShallowWrapper {
  "length": 1,
  Symbol(enzyme.__root__): [Circular],
  Symbol(enzyme.__unrendered__): <ServiceInfoRoutes
    dependencies={
      Map {
        "v1" => Array [
          "productpage.istio-system/v1",
        ],
      }
    }
  />,
  Symbol(enzyme.__renderer__): Object {
    "batchedUpdates": [Function],
    "getNode": [Function],
    "render": [Function],
    "simulateEvent": [Function],
    "unmount": [Function],
  },
  Symbol(enzyme.__node__): Object {
    "instance": null,
    "key": undefined,
    "nodeType": "host",
    "props": Object {
      "children": <Row
        bsClass="row"
        className="row-cards-pf"
        componentClass="div"
      >
        <Col
          bsClass="col"
          componentClass="div"
          lg={12}
          md={12}
          sm={12}
          xs={12}
        />
      </Row>,
      "className": "card-pf",
    },
    "ref": null,
    "rendered": Object {
      "instance": null,
      "key": undefined,
      "nodeType": "class",
      "props": Object {
        "bsClass": "row",
        "children": <Col
          bsClass="col"
          componentClass="div"
          lg={12}
          md={12}
          sm={12}
          xs={12}
        />,
        "className": "row-cards-pf",
        "componentClass": "div",
      },
      "ref": null,
      "rendered": Object {
        "instance": null,
        "key": undefined,
        "nodeType": "class",
        "props": Object {
          "bsClass": "col",
          "children": Array [],
          "componentClass": "div",
          "lg": 12,
          "md": 12,
          "sm": 12,
          "xs": 12,
        },
        "ref": null,
        "rendered": Array [],
        "type": [Function],
      },
      "type": [Function],
    },
    "type": "div",
  },
  Symbol(enzyme.__nodes__): Array [
    Object {
      "instance": null,
      "key": undefined,
      "nodeType": "host",
      "props": Object {
        "children": <Row
          bsClass="row"
          className="row-cards-pf"
          componentClass="div"
        >
          <Col
            bsClass="col"
            componentClass="div"
            lg={12}
            md={12}
            sm={12}
            xs={12}
          />
        </Row>,
        "className": "card-pf",
      },
      "ref": null,
      "rendered": Object {
        "instance": null,
        "key": undefined,
        "nodeType": "class",
        "props": Object {
          "bsClass": "row",
          "children": <Col
            bsClass="col"
            componentClass="div"
            lg={12}
            md={12}
            sm={12}
            xs={12}
          />,
          "className": "row-cards-pf",
          "componentClass": "div",
        },
        "ref": null,
        "rendered": Object {
          "instance": null,
          "key": undefined,
          "nodeType": "class",
          "props": Object {
            "bsClass": "col",
            "children": Array [],
            "componentClass": "div",
            "lg": 12,
            "md": 12,
            "sm": 12,
            "xs": 12,
          },
          "ref": null,
          "rendered": Array [],
          "type": [Function],
        },
        "type": [Function],
      },
      "type": "div",
    },
  ],
  Symbol(enzyme.__options__): Object {
    "adapter": ReactSixteenAdapter {
      "options": Object {
        "enableComponentDidUpdateOnSetState": true,
      },
    },
  },
}
`;
